Archive member included because of file (symbol)

c:/program files/atmel/atmel toolchain/avr8 gcc/native/3.4.1061/avr8-gnu-toolchain/bin/../lib/gcc/avr/4.8.1/avrxmega2\libgcc.a(_udivmodsi4.o)
                              src/ASF/xmega/drivers/spi/spi.o (__udivmodsi4)
c:/program files/atmel/atmel toolchain/avr8 gcc/native/3.4.1061/avr8-gnu-toolchain/bin/../lib/gcc/avr/4.8.1/avrxmega2\libgcc.a(_exit.o)
                              c:/program files/atmel/atmel toolchain/avr8 gcc/native/3.4.1061/avr8-gnu-toolchain/bin/../lib/gcc/avr/4.8.1/../../../../avr/lib/avrxmega2/crtx32a4u.o (exit)
c:/program files/atmel/atmel toolchain/avr8 gcc/native/3.4.1061/avr8-gnu-toolchain/bin/../lib/gcc/avr/4.8.1/avrxmega2\libgcc.a(_copy_data.o)
                              src/variable.o (__do_copy_data)
c:/program files/atmel/atmel toolchain/avr8 gcc/native/3.4.1061/avr8-gnu-toolchain/bin/../lib/gcc/avr/4.8.1/avrxmega2\libgcc.a(_clear_bss.o)
                              src/NRF.o (__do_clear_bss)
c:/program files/atmel/atmel toolchain/avr8 gcc/native/3.4.1061/avr8-gnu-toolchain/bin/../lib/gcc/avr/4.8.1/../../../../avr/lib/avrxmega2\libc.a(memcpy.o)
                              src/ASF/xmega/drivers/nvm/nvm.o (memcpy)

Allocating common symbols
Common symbol       size              file

Buf_Tx              0xb               src/variable.o
buffer              0x64              src/main.o
Nrf                 0x12              src/NRF.o
Address             0x5               src/variable.o
str                 0x4               src/variable.o

Discarded input sections

 .data          0x00000000        0x0 c:/program files/atmel/atmel toolchain/avr8 gcc/native/3.4.1061/avr8-gnu-toolchain/bin/../lib/gcc/avr/4.8.1/../../../../avr/lib/avrxmega2/crtx32a4u.o
 .bss           0x00000000        0x0 c:/program files/atmel/atmel toolchain/avr8 gcc/native/3.4.1061/avr8-gnu-toolchain/bin/../lib/gcc/avr/4.8.1/../../../../avr/lib/avrxmega2/crtx32a4u.o
 .group         0x00000000        0x8 src/ASF/xmega/drivers/spi/spi.o
 .group         0x00000000        0x8 src/ASF/xmega/drivers/spi/spi.o
 .group         0x00000000        0x8 src/ASF/xmega/drivers/spi/spi.o
 .group         0x00000000        0x8 src/ASF/xmega/drivers/spi/spi.o
 .group         0x00000000        0x8 src/ASF/xmega/drivers/spi/spi.o
 .group         0x00000000        0x8 src/ASF/xmega/drivers/spi/spi.o
 .group         0x00000000        0x8 src/ASF/xmega/drivers/spi/spi.o
 .group         0x00000000        0x8 src/ASF/xmega/drivers/spi/spi.o
 .group         0x00000000        0x8 src/ASF/xmega/drivers/spi/spi.o
 .group         0x00000000        0x8 src/ASF/xmega/drivers/spi/spi.o
 .group         0x00000000        0x8 src/ASF/xmega/drivers/spi/spi.o
 .group         0x00000000        0x8 src/ASF/xmega/drivers/spi/spi.o
 .group         0x00000000        0x8 src/ASF/xmega/drivers/spi/spi.o
 .group         0x00000000        0x8 src/ASF/xmega/drivers/spi/spi.o
 .group         0x00000000        0x8 src/ASF/xmega/drivers/spi/spi.o
 .group         0x00000000        0x8 src/ASF/xmega/drivers/spi/spi.o
 .group         0x00000000        0x8 src/ASF/xmega/drivers/spi/spi.o
 .group         0x00000000        0x8 src/ASF/xmega/drivers/spi/spi.o
 .group         0x00000000        0x8 src/ASF/xmega/drivers/spi/spi.o
 .group         0x00000000        0x8 src/ASF/xmega/drivers/spi/spi.o
 .group         0x00000000        0x8 src/ASF/xmega/drivers/spi/spi.o
 .group         0x00000000        0x8 src/ASF/xmega/drivers/spi/spi.o
 .group         0x00000000        0x8 src/ASF/xmega/drivers/spi/spi.o
 .group         0x00000000        0x8 src/ASF/xmega/drivers/spi/spi.o
 .group         0x00000000        0x8 src/ASF/xmega/drivers/spi/spi.o
 .group         0x00000000        0x8 src/ASF/xmega/drivers/spi/spi.o
 .group         0x00000000        0x8 src/ASF/xmega/drivers/spi/spi.o
 .group         0x00000000        0x8 src/ASF/xmega/drivers/spi/spi.o
 .group         0x00000000        0x8 src/ASF/xmega/drivers/spi/spi.o
 .group         0x00000000        0x8 src/ASF/xmega/drivers/spi/spi.o
 .group         0x00000000        0x8 src/ASF/xmega/drivers/spi/spi.o
 .group         0x00000000        0x8 src/ASF/xmega/drivers/spi/spi.o
 .text          0x00000000        0x0 src/ASF/xmega/drivers/spi/spi.o
 .data          0x00000000        0x0 src/ASF/xmega/drivers/spi/spi.o
 .bss           0x00000000        0x0 src/ASF/xmega/drivers/spi/spi.o
 .group         0x00000000        0x8 src/ASF/xmega/drivers/usart/usart.o
 .group         0x00000000        0x8 src/ASF/xmega/drivers/usart/usart.o
 .group         0x00000000        0x8 src/ASF/xmega/drivers/usart/usart.o
 .group         0x00000000        0x8 src/ASF/xmega/drivers/usart/usart.o
 .group         0x00000000        0x8 src/ASF/xmega/drivers/usart/usart.o
 .group         0x00000000        0x8 src/ASF/xmega/drivers/usart/usart.o
 .group         0x00000000        0x8 src/ASF/xmega/drivers/usart/usart.o
 .group         0x00000000        0x8 src/ASF/xmega/drivers/usart/usart.o
[...]
Memory Configuration

Name             Origin             Length             Attributes
text             0x00000000         0x00100000         xr
data             0x00802000         0x0000ffa0         rw !x
eeprom           0x00810000         0x00010000         rw !x
fuse             0x00820000         0x00000400         rw !x
lock             0x00830000         0x00000400         rw !x
signature        0x00840000         0x00000400         rw !x
user_signatures  0x00850000         0x00000400         rw !x
*default*        0x00000000         0xffffffff

Linker script and memory map

LOAD c:/program files/atmel/atmel toolchain/avr8 gcc/native/3.4.1061/avr8-gnu-toolchain/bin/../lib/gcc/avr/4.8.1/../../../../avr/lib/avrxmega2/crtx32a4u.o
LOAD src/ASF/xmega/drivers/spi/spi.o
LOAD src/ASF/xmega/drivers/usart/usart.o
LOAD src/initialize.o
LOAD src/NRF.o
LOAD src/nrf24l01_L.o
LOAD src/NRF_transmission.o
LOAD src/setting.o
LOAD src/variable.o
LOAD src/ASF/common/services/ioport/xmega/ioport_compat.o
LOAD src/ASF/common/services/clock/xmega/sysclk.o
LOAD src/ASF/xmega/drivers/nvm/nvm.o
LOAD src/ASF/xmega/drivers/nvm/nvm_asm.o
LOAD src/ASF/xmega/drivers/cpu/ccp.o
LOAD src/ASF/common/boards/user_board/init.o
LOAD src/main.o
START GROUP
LOAD c:/program files/atmel/atmel toolchain/avr8 gcc/native/3.4.1061/avr8-gnu-toolchain/bin/../lib/gcc/avr/4.8.1/../../../../avr/lib/avrxmega2\libm.a
END GROUP
START GROUP
LOAD c:/program files/atmel/atmel toolchain/avr8 gcc/native/3.4.1061/avr8-gnu-toolchain/bin/../lib/gcc/avr/4.8.1/avrxmega2\libgcc.a
LOAD c:/program files/atmel/atmel toolchain/avr8 gcc/native/3.4.1061/avr8-gnu-toolchain/bin/../lib/gcc/avr/4.8.1/../../../../avr/lib/avrxmega2\libm.a
LOAD c:/program files/atmel/atmel toolchain/avr8 gcc/native/3.4.1061/avr8-gnu-toolchain/bin/../lib/gcc/avr/4.8.1/../../../../avr/lib/avrxmega2\libc.a
END GROUP

.hash
 *(.hash)

.dynsym
 *(.dynsym)

.dynstr
 *(.dynstr)

.gnu.version
 *(.gnu.version)

.gnu.version_d
 *(.gnu.version_d)

.gnu.version_r
 *(.gnu.version_r)

.rel.init
 *(.rel.init)

.rela.init
 *(.rela.init)

.rel.text
 *(.rel.text)
 *(.rel.text.*)
 *(.rel.gnu.linkonce.t*)

.rela.text
 *(.rela.text)
 *(.rela.text.*)
 *(.rela.gnu.linkonce.t*)

.rel.fini
 *(.rel.fini)

.rela.fini
 *(.rela.fini)

.rel.rodata
 *(.rel.rodata)
 *(.rel.rodata.*)
 *(.rel.gnu.linkonce.r*)

.rela.rodata
 *(.rela.rodata)
 *(.rela.rodata.*)
 *(.rela.gnu.linkonce.r*)

.rel.data
 *(.rel.data)
 *(.rel.data.*)
 *(.rel.gnu.linkonce.d*)

.rela.data
 *(.rela.data)
 *(.rela.data.*)
 *(.rela.gnu.linkonce.d*)

.rel.ctors
 *(.rel.ctors)

.rela.ctors
 *(.rela.ctors)

.rel.dtors
 *(.rel.dtors)

.rela.dtors
 *(.rela.dtors)

.rel.got
 *(.rel.got)

.rela.got
 *(.rela.got)

.rel.bss
 *(.rel.bss)

.rela.bss
 *(.rela.bss)

.rel.plt
 *(.rel.plt)

.rela.plt
 *(.rela.plt)

.text           0x00000000      0xa1e
 *(.vectors)
 .vectors       0x00000000      0x1fc c:/program files/atmel/atmel toolchain/avr8 gcc/native/3.4.1061/avr8-gnu-toolchain/bin/../lib/gcc/avr/4.8.1/../../../../avr/lib/avrxmega2/crtx32a4u.o
                0x00000000                __vector_default
                0x00000000                __vectors
 *(.vectors)
 *(.progmem.gcc*)
                0x000001fc                . = ALIGN (0x2)
                0x000001fc                __trampolines_start = .
 *(.trampolines)
 .trampolines   0x000001fc        0x0 linker stubs
 *(.trampolines*)
                0x000001fc                __trampolines_end = .
 *(.progmem*)
                0x000001fc                . = ALIGN (0x2)
 *(.jumptables)
 *(.jumptables*)
 *(.lowtext)
 *(.lowtext*)
                0x000001fc                __ctors_start = .
 *(.ctors)
                0x000001fc                __ctors_end = .
                0x000001fc                __dtors_start = .
 *(.dtors)
                0x000001fc                __dtors_end = .
 SORT(*)(.ctors)
 SORT(*)(.dtors)
 *(.init0)
 .init0         0x000001fc        0x0 c:/program files/atmel/atmel toolchain/avr8 gcc/native/3.4.1061/avr8-gnu-toolchain/bin/../lib/gcc/avr/4.8.1/../../../../avr/lib/avrxmega2/crtx32a4u.o
                0x000001fc                __init
 *(.init0)
 *(.init1)
 *(.init1)
 *(.init2)
 .init2         0x000001fc        0xc c:/program files/atmel/atmel toolchain/avr8 gcc/native/3.4.1061/avr8-gnu-toolchain/bin/../lib/gcc/avr/4.8.1/../../../../avr/lib/avrxmega2/crtx32a4u.o
 *(.init2)
 *(.init3)
 *(.init3)
 *(.init4)
 .init4         0x00000208       0x16 c:/program files/atmel/atmel toolchain/avr8 gcc/native/3.4.1061/avr8-gnu-toolchain/bin/../lib/gcc/avr/4.8.1/avrxmega2\libgcc.a(_copy_data.o)
                0x00000208                __do_copy_data
 .init4         0x0000021e       0x10 c:/program files/atmel/atmel toolchain/avr8 gcc/native/3.4.1061/avr8-gnu-toolchain/bin/../lib/gcc/avr/4.8.1/avrxmega2\libgcc.a(_clear_bss.o)
                0x0000021e                __do_clear_bss
 *(.init4)
 *(.init5)
 *(.init5)
 *(.init6)
 *(.init6)
 *(.init7)
 *(.init7)
 *(.init8)
 *(.init8)
 *(.init9)
 .init9         0x0000022e        0x4 c:/program files/atmel/atmel toolchain/avr8 gcc/native/3.4.1061/avr8-gnu-toolchain/bin/../lib/gcc/avr/4.8.1/../../../../avr/lib/avrxmega2/crtx32a4u.o
 *(.init9)
 *(.text)
 .text          0x00000232        0x2 c:/program files/atmel/atmel toolchain/avr8 gcc/native/3.4.1061/avr8-gnu-toolchain/bin/../lib/gcc/avr/4.8.1/../../../../avr/lib/avrxmega2/crtx32a4u.o
                0x00000232                __vector_38
                0x00000232                __vector_104
                0x00000232                __vector_22
                0x00000232                __vector_63
                0x00000232                __vector_28
                0x00000232                __vector_67
                0x00000232                __vector_1
                0x00000232                __vector_119
                0x00000232                __vector_32
                0x00000232                __vector_75
                0x00000232                __vector_71
                0x00000232                __vector_91
                0x00000232                __vector_34
                0x00000232                __vector_62
                0x00000232                __vector_77
                0x00000232                __vector_102
                0x00000232                __vector_24
                0x00000232                __vector_12
                0x00000232                __vector_55
                0x00000232                __vector_69
                0x00000232                __vector_81
                0x00000232                __vector_90
                0x00000232                __vector_46
                0x00000232                __bad_interrupt
                0x00000232                __vector_122
                0x00000232                __vector_72
                0x00000232                __vector_114
                0x00000232                __vector_6
                0x00000232                __vector_110
                0x00000232                __vector_31
                0x00000232                __vector_92
                0x00000232                __vector_35
                0x00000232                __vector_78
                0x00000232                __vector_74
                0x00000232                __vector_117
                0x00000232                __vector_39
                0x00000232                __vector_107
                0x00000232                __vector_3
                0x00000232                __vector_105
                0x00000232                __vector_98
                0x00000232                __vector_23
                0x00000232                __vector_68
                0x00000232                __vector_30
                0x00000232                __vector_73
                0x00000232                __vector_45
                0x00000232                __vector_25
                0x00000232                __vector_93
                0x00000232                __vector_61
                0x00000232                __vector_11
                0x00000232                __vector_54
                0x00000232                __vector_99
                0x00000232                __vector_13
                0x00000232                __vector_17
                0x00000232                __vector_19
                0x00000232                __vector_56
                0x00000232                __vector_7
                0x00000232                __vector_125
                0x00000232                __vector_49
                0x00000232                __vector_123
                0x00000232                __vector_41
                0x00000232                __vector_86
                0x00000232                __vector_100
                0x00000232                __vector_101
                0x00000232                __vector_64
                0x00000232                __vector_88
                0x00000232                __vector_109
                0x00000232                __vector_27
                0x00000232                __vector_5
                0x00000232                __vector_113
                0x00000232                __vector_33
                0x00000232                __vector_76
                0x00000232                __vector_115
                0x00000232                __vector_47
                0x00000232                __vector_52
                0x00000232                __vector_37
                0x00000232                __vector_95
                0x00000232                __vector_103
                0x00000232                __vector_96
                0x00000232                __vector_89
                0x00000232                __vector_108
                0x00000232                __vector_4
                0x00000232                __vector_44
                0x00000232                __vector_82
                0x00000232                __vector_106
                0x00000232                __vector_118
                0x00000232                __vector_51
                0x00000232                __vector_9
                0x00000232                __vector_2
                0x00000232                __vector_21
                0x00000232                __vector_15
                0x00000232                __vector_66
                0x00000232                __vector_36
                0x00000232                __vector_79
                0x00000232                __vector_58
                0x00000232                __vector_70
                0x00000232                __vector_83
                0x00000232                __vector_29
                0x00000232                __vector_60
                0x00000232                __vector_121
                0x00000232                __vector_40
                0x00000232                __vector_85
                0x00000232                __vector_94
                0x00000232                __vector_126
                0x00000232                __vector_8
                0x00000232                __vector_26
                0x00000232                __vector_48
                0x00000232                __vector_124
                0x00000232                __vector_116
                0x00000232                __vector_112
                0x00000232                __vector_111
                0x00000232                __vector_80
                0x00000232                __vector_14
                0x00000232                __vector_84
                0x00000232                __vector_57
                0x00000232                __vector_53
                0x00000232                __vector_10
                0x00000232                __vector_50
                0x00000232                __vector_16
                0x00000232                __vector_59
                0x00000232                __vector_18
                0x00000232                __vector_97
                0x00000232                __vector_20
                0x00000232                __vector_42
                0x00000232                __vector_87
                0x00000232                __vector_65
                0x00000232                __vector_120
                0x00000234                . = ALIGN (0x2)
 *(.text.*)
 .text.spi_xmega_set_baud_div
                0x00000234       0x8e src/ASF/xmega/drivers/spi/spi.o
                0x00000234                spi_xmega_set_baud_div
 .text.usart_set_baudrate
                0x000002c2      0x20c src/ASF/xmega/drivers/usart/usart.o
                0x000002c2                usart_set_baudrate
 .text.En_RC32M
                0x000004ce       0x2a src/initialize.o
                0x000004ce                En_RC32M
 .text.PORT_init
                0x000004f8       0x3a src/initialize.o
                0x000004f8                PORT_init
 .text.SPI_Init
                0x00000532       0x30 src/initialize.o
                0x00000532                SPI_Init
 .text.USARTD0_init
                0x00000562       0x42 src/initialize.o
                0x00000562                USARTD0_init
 .text.NrF_Fill_Data
                0x000005a4       0x86 src/NRF.o
                0x000005a4                NrF_Fill_Data
 .text.Nrf_Empty_Data
                0x0000062a       0x40 src/NRF.o
                0x0000062a                Nrf_Empty_Data
 .text.NRF24L01_L_RF_TX
                0x0000066a       0x18 src/nrf24l01_L.o
                0x0000066a                NRF24L01_L_RF_TX
 .text.SPI_L    0x00000682       0x14 src/nrf24l01_L.o
                0x00000682                SPI_L
 .text.NRF24L01_L_ReadReg
                0x00000696       0x1e src/nrf24l01_L.o
                0x00000696                NRF24L01_L_ReadReg
 .text.NRF24L01_L_WriteReg
                0x000006b4       0x2c src/nrf24l01_L.o
                0x000006b4                NRF24L01_L_WriteReg
 .text.NRF24L01_L_Set_CH
                0x000006e0        0xa src/nrf24l01_L.o
                0x000006e0                NRF24L01_L_Set_CH
 .text.NRF24L01_L_Set_ShockBurst
                0x000006ea       0x14 src/nrf24l01_L.o
                0x000006ea                NRF24L01_L_Set_ShockBurst
 .text.NRF24L01_L_Set_Address_Width
                0x000006fe        0x8 src/nrf24l01_L.o
                0x000006fe                NRF24L01_L_Set_Address_Width
 .text.NRF24L01_L_Clear_Interrupts
                0x00000706        0x8 src/nrf24l01_L.o
                0x00000706                NRF24L01_L_Clear_Interrupts
 .text.NRF24L01_L_WriteRegBuf
                0x0000070e       0x4e src/nrf24l01_L.o
                0x0000070e                NRF24L01_L_WriteRegBuf
 .text.NRF24L01_L_Set_RX_Pipe
                0x0000075c       0x54 src/nrf24l01_L.o
                0x0000075c                NRF24L01_L_Set_RX_Pipe
 .text.NRF24L01_L_Set_TX_Address
                0x000007b0        0xa src/nrf24l01_L.o
                0x000007b0                NRF24L01_L_Set_TX_Address
 .text.NRF24L01_L_Init
                0x000007ba       0x6a src/nrf24l01_L.o
                0x000007ba                NRF24L01_L_Init
 .text.NRF24L01_L_Write_TX_Buf
                0x00000824        0xa src/nrf24l01_L.o
                0x00000824                NRF24L01_L_Write_TX_Buf
 .text.NRF24L01_L_Flush_TX
                0x0000082e       0x1c src/nrf24l01_L.o
                0x0000082e                NRF24L01_L_Flush_TX
 .text.NRF24L01_L_Flush_RX
                0x0000084a       0x1c src/nrf24l01_L.o
                0x0000084a                NRF24L01_L_Flush_RX
 .text.NRF_init
                0x00000866       0x9c src/NRF_transmission.o
                0x00000866                NRF_init
 .text.NRF_send
                0x00000902       0x24 src/NRF_transmission.o
                0x00000902                NRF_send
 .text.PTX_IRQ  0x00000926       0x18 src/NRF_transmission.o
                0x00000926                PTX_IRQ
 .text.set_micro
                0x0000093e       0x16 src/setting.o
                0x0000093e                set_micro
 .text.main     0x00000954       0x3c src/main.o
                0x00000954                main
 .text.__vector_43
                0x00000990       0x46 src/main.o
                0x00000990                __vector_43
 .text.libgcc.div
                0x000009d6       0x44 c:/program files/atmel/atmel toolchain/avr8 gcc/native/3.4.1061/avr8-gnu-toolchain/bin/../lib/gcc/avr/4.8.1/avrxmega2\libgcc.a(_udivmodsi4.o)
                0x000009d6                __udivmodsi4
                0x00000a1a                . = ALIGN (0x2)
 *(.fini9)
 .fini9         0x00000a1a        0x0 c:/program files/atmel/atmel toolchain/avr8 gcc/native/3.4.1061/avr8-gnu-toolchain/bin/../lib/gcc/avr/4.8.1/avrxmega2\libgcc.a(_exit.o)
                0x00000a1a                _exit
                0x00000a1a                exit
 *(.fini9)
 *(.fini8)
 *(.fini8)
 *(.fini7)
 *(.fini7)
 *(.fini6)
 *(.fini6)
 *(.fini5)
 *(.fini5)
 *(.fini4)
 *(.fini4)
 *(.fini3)
 *(.fini3)
 *(.fini2)
 *(.fini2)
 *(.fini1)
 *(.fini1)
 *(.fini0)
 .fini0         0x00000a1a        0x4 c:/program files/atmel/atmel toolchain/avr8 gcc/native/3.4.1061/avr8-gnu-toolchain/bin/../lib/gcc/avr/4.8.1/avrxmega2\libgcc.a(_exit.o)
 *(.fini0)
                0x00000a1e                _etext = .

.data           0x00802000        0x0 load address 0x00000a1e
                0x00802000                PROVIDE (__data_start, .)
 *(.data)
 *(.data*)
 *(.rodata)
 *(.rodata*)
 *(.gnu.linkonce.d*)
                0x00802000                . = ALIGN (0x2)
                0x00802000                _edata = .
                0x00802000                PROVIDE (__data_end, .)

.bss            0x00802000       0x26
                0x00802000                PROVIDE (__bss_start, .)
 *(.bss)
 *(.bss*)
 *(COMMON)
 COMMON         0x00802000       0x12 src/NRF.o
                0x00802000                Nrf
 COMMON         0x00802012       0x14 src/variable.o
                0x00802012                Buf_Tx
                0x0080201d                Address
                0x00802022                str
                0x00802026                PROVIDE (__bss_end, .)
                0x00000a1e                __data_load_start = LOADADDR (.data)
                0x00000a1e                __data_load_end = (__data_load_start + SIZEOF (.data))

.noinit         0x00802026        0x0
                0x00802026                PROVIDE (__noinit_start, .)
 *(.noinit*)
                0x00802026                PROVIDE (__noinit_end, .)
                0x00802026                _end = .
                0x00802026                PROVIDE (__heap_start, .)

.eeprom         0x00810000        0x0
 *(.eeprom*)
                0x00810000                __eeprom_end = .

.fuse
 *(.fuse)
 *(.lfuse)
 *(.hfuse)
 *(.efuse)

.lock
 *(.lock*)

.signature
 *(.signature*)

.user_signatures
 *(.user_signatures*)

.stab
 *(.stab)

.stabstr
 *(.stabstr)

.stab.excl
 *(.stab.excl)

.stab.exclstr
 *(.stab.exclstr)

.stab.index
 *(.stab.index)

.stab.indexstr
 *(.stab.indexstr)

.comment        0x00000000       0x30
 *(.comment)
 .comment       0x00000000       0x30 src/ASF/xmega/drivers/spi/spi.o
                                 0x31 (size before relaxing)
 .comment       0x00000000       0x31 src/ASF/xmega/drivers/usart/usart.o
 .comment       0x00000000       0x31 src/initialize.o
 .comment       0x00000000       0x31 src/NRF.o
 .comment       0x00000000       0x31 src/nrf24l01_L.o
 .comment       0x00000000       0x31 src/NRF_transmission.o
 .comment       0x00000000       0x31 src/setting.o
 .comment       0x00000000       0x31 src/variable.o
 .comment       0x00000000       0x31 src/main.o

.note.gnu.build-id
 *(.note.gnu.build-id)

.debug
 *(.debug)

.line
 *(.line)

.debug_srcinfo
 *(.debug_srcinfo)

.debug_sfnames
 *(.debug_sfnames)

.debug_aranges  0x00000000      0x250
 *(.debug_aranges)
 .debug_aranges
                0x00000000       0x20 src/ASF/xmega/drivers/spi/spi.o
 .debug_aranges
                0x00000020       0x58 src/ASF/xmega/drivers/usart/usart.o
 .debug_aranges
                0x00000078       0x38 src/initialize.o
 .debug_aranges
                0x000000b0       0x28 src/NRF.o
 .debug_aranges
                0x000000d8       0xe0 src/nrf24l01_L.o
 .debug_aranges
                0x000001b8       0x30 src/NRF_transmission.o
 .debug_aranges
                0x000001e8       0x20 src/setting.o
 .debug_aranges
                0x00000208       0x18 src/variable.o
 .debug_aranges
                0x00000220       0x30 src/main.o

.debug_pubnames
 *(.debug_pubnames)

.debug_info     0x00000000     0x52d1
 *(.debug_info .gnu.linkonce.wi.*)
 .debug_info    0x00000000      0x1b9 src/ASF/xmega/drivers/spi/spi.o
 .debug_info    0x000001b9     0x2d92 src/ASF/xmega/drivers/usart/usart.o
 .debug_info    0x00002f4b      0x5a9 src/initialize.o
 .debug_info    0x000034f4      0x260 src/NRF.o
 .debug_info    0x00003754      0xf59 src/nrf24l01_L.o
 .debug_info    0x000046ad      0x63a src/NRF_transmission.o
 .debug_info    0x00004ce7      0x136 src/setting.o
 .debug_info    0x00004e1d      0x18a src/variable.o
 .debug_info    0x00004fa7      0x32a src/main.o

.debug_abbrev   0x00000000      0xf7c
 *(.debug_abbrev)
 .debug_abbrev  0x00000000       0xf6 src/ASF/xmega/drivers/spi/spi.o
 .debug_abbrev  0x000000f6      0x3e8 src/ASF/xmega/drivers/usart/usart.o
 .debug_abbrev  0x000004de      0x1a8 src/initialize.o
 .debug_abbrev  0x00000686      0x132 src/NRF.o
 .debug_abbrev  0x000007b8      0x2b2 src/nrf24l01_L.o
 .debug_abbrev  0x00000a6a      0x23e src/NRF_transmission.o
 .debug_abbrev  0x00000ca8       0x98 src/setting.o
 .debug_abbrev  0x00000d40       0x7e src/variable.o
 .debug_abbrev  0x00000dbe      0x1be src/main.o

.debug_line     0x00000000     0x4476
 *(.debug_line .debug_line.* .debug_line_end)
 .debug_line    0x00000000      0x475 src/ASF/xmega/drivers/spi/spi.o
 .debug_line    0x00000475      0xb90 src/ASF/xmega/drivers/usart/usart.o
 .debug_line    0x00001005      0x6c0 src/initialize.o
 .debug_line    0x000016c5      0x69f src/NRF.o
 .debug_line    0x00001d64      0xac3 src/nrf24l01_L.o
 .debug_line    0x00002827      0x7a3 src/NRF_transmission.o
 .debug_line    0x00002fca      0x6d6 src/setting.o
 .debug_line    0x000036a0      0x67f src/variable.o
 .debug_line    0x00003d1f      0x757 src/main.o

.debug_frame    0x00000000      0x67c
 *(.debug_frame)
 .debug_frame   0x00000000       0x4c src/ASF/xmega/drivers/spi/spi.o
 .debug_frame   0x0000004c      0x148 src/ASF/xmega/drivers/usart/usart.o
 .debug_frame   0x00000194       0x74 src/initialize.o
 .debug_frame   0x00000208       0x58 src/NRF.o
 .debug_frame   0x00000260      0x2dc src/nrf24l01_L.o
 .debug_frame   0x0000053c       0x64 src/NRF_transmission.o
 .debug_frame   0x000005a0       0x24 src/setting.o
 .debug_frame   0x000005c4       0xb8 src/main.o

.debug_str      0x00000000    0x26763
 *(.debug_str)
 .debug_str     0x00000000    0x22f8d src/ASF/xmega/drivers/spi/spi.o
                              0x235ea (size before relaxing)
 .debug_str     0x00022f8d     0x2099 src/ASF/xmega/drivers/usart/usart.o
                              0x257cd (size before relaxing)
 .debug_str     0x00025026      0x525 src/initialize.o
                              0x24e2b (size before relaxing)
 .debug_str     0x0002554b      0x19f src/NRF.o
                              0x249c8 (size before relaxing)
 .debug_str     0x000256ea      0xb7d src/nrf24l01_L.o
                              0x25663 (size before relaxing)
 .debug_str     0x00026267      0x40d src/NRF_transmission.o
                              0x259a5 (size before relaxing)
 .debug_str     0x00026674       0x1b src/setting.o
                              0x25775 (size before relaxing)
 .debug_str     0x0002668f       0x3d src/variable.o
                              0x25298 (size before relaxing)
 .debug_str     0x000266cc       0x97 src/main.o
                              0x2599b (size before relaxing)

.debug_loc      0x00000000     0x212e
 *(.debug_loc)
 .debug_loc     0x00000000      0x105 src/ASF/xmega/drivers/spi/spi.o
 .debug_loc     0x00000105      0xfcf src/ASF/xmega/drivers/usart/usart.o
 .debug_loc     0x000010d4       0x78 src/initialize.o
 .debug_loc     0x0000114c      0x10a src/NRF.o
 .debug_loc     0x00001256      0xc4a src/nrf24l01_L.o
 .debug_loc     0x00001ea0       0x76 src/NRF_transmission.o
 .debug_loc     0x00001f16      0x218 src/main.o

.debug_macinfo
 *(.debug_macinfo)

.debug_weaknames
 *(.debug_weaknames)

.debug_funcnames
 *(.debug_funcnames)

.debug_typenames
 *(.debug_typenames)

.debug_varnames
 *(.debug_varnames)

.debug_pubtypes
 *(.debug_pubtypes)

.debug_ranges   0x00000000      0x1f0
 *(.debug_ranges)
 .debug_ranges  0x00000000       0x10 src/ASF/xmega/drivers/spi/spi.o
 .debug_ranges  0x00000010       0x80 src/ASF/xmega/drivers/usart/usart.o
 .debug_ranges  0x00000090       0x28 src/initialize.o
 .debug_ranges  0x000000b8       0x18 src/NRF.o
 .debug_ranges  0x000000d0       0xd0 src/nrf24l01_L.o
 .debug_ranges  0x000001a0       0x20 src/NRF_transmission.o
 .debug_ranges  0x000001c0       0x10 src/setting.o
 .debug_ranges  0x000001d0       0x20 src/main.o

.debug_macro    0x00000000     0xa192
 *(.debug_macro)
 .debug_macro   0x00000000      0x194 src/ASF/xmega/drivers/spi/spi.o
 .debug_macro   0x00000194      0xa3c src/ASF/xmega/drivers/spi/spi.o
 .debug_macro   0x00000bd0       0x10 src/ASF/xmega/drivers/spi/spi.o
 .debug_macro   0x00000be0      0x1ad src/ASF/xmega/drivers/spi/spi.o
 .debug_macro   0x00000d8d      0x293 src/ASF/xmega/drivers/spi/spi.o
 .debug_macro   0x00001020       0x9e src/ASF/xmega/drivers/spi/spi.o
 .debug_macro   0x000010be     0x5486 src/ASF/xmega/drivers/spi/spi.o
 .debug_macro   0x00006544       0x9a src/ASF/xmega/drivers/spi/spi.o
 .debug_macro   0x000065de       0xf1 src/ASF/xmega/drivers/spi/spi.o
 .debug_macro   0x000066cf       0x34 src/ASF/xmega/drivers/spi/spi.o
 .debug_macro   0x00006703       0x10 src/ASF/xmega/drivers/spi/spi.o
 .debug_macro   0x00006713       0x18 src/ASF/xmega/drivers/spi/spi.o
 .debug_macro   0x0000672b       0x5e src/ASF/xmega/drivers/spi/spi.o
 .debug_macro   0x00006789       0x10 src/ASF/xmega/drivers/spi/spi.o
 .debug_macro   0x00006799       0x22 src/ASF/xmega/drivers/spi/spi.o
 .debug_macro   0x000067bb      0x166 src/ASF/xmega/drivers/spi/spi.o
 .debug_macro   0x00006921       0x1c src/ASF/xmega/drivers/spi/spi.o
 .debug_macro   0x0000693d       0x35 src/ASF/xmega/drivers/spi/spi.o
 .debug_macro   0x00006972       0x66 src/ASF/xmega/drivers/spi/spi.o
 .debug_macro   0x000069d8      0x4b5 src/ASF/xmega/drivers/spi/spi.o
 .debug_macro   0x00006e8d       0x97 src/ASF/xmega/drivers/spi/spi.o
 .debug_macro   0x00006f24       0x17 src/ASF/xmega/drivers/spi/spi.o
 .debug_macro   0x00006f3b      0x250 src/ASF/xmega/drivers/spi/spi.o
 .debug_macro   0x0000718b       0x76 src/ASF/xmega/drivers/spi/spi.o
 .debug_macro   0x00007201       0x16 src/ASF/xmega/drivers/spi/spi.o
 .debug_macro   0x00007217      0x6e0 src/ASF/xmega/drivers/spi/spi.o
 .debug_macro   0x000078f7       0x10 src/ASF/xmega/drivers/spi/spi.o
 .debug_macro   0x00007907      0x175 src/ASF/xmega/drivers/spi/spi.o
 .debug_macro   0x00007a7c       0x40 src/ASF/xmega/drivers/spi/spi.o
 .debug_macro   0x00007abc       0x69 src/ASF/xmega/drivers/spi/spi.o
 .debug_macro   0x00007b25       0x32 src/ASF/xmega/drivers/spi/spi.o
 .debug_macro   0x00007b57       0xe4 src/ASF/xmega/drivers/spi/spi.o
 .debug_macro   0x00007c3b       0x7c src/ASF/xmega/drivers/spi/spi.o
 .debug_macro   0x00007cb7      0x219 src/ASF/xmega/drivers/usart/usart.o
 .debug_macro   0x00007ed0      0x299 src/ASF/xmega/drivers/usart/usart.o
 .debug_macro   0x00008169       0x34 src/ASF/xmega/drivers/usart/usart.o
 .debug_macro   0x0000819d       0x22 src/ASF/xmega/drivers/usart/usart.o
 .debug_macro   0x000081bf      0x237 src/ASF/xmega/drivers/usart/usart.o
 .debug_macro   0x000083f6       0x66 src/ASF/xmega/drivers/usart/usart.o
 .debug_macro   0x0000845c       0x2f src/ASF/xmega/drivers/usart/usart.o
 .debug_macro   0x0000848b      0x154 src/ASF/xmega/drivers/usart/usart.o
 .debug_macro   0x000085df      0x257 src/initialize.o
 .debug_macro   0x00008836       0x34 src/initialize.o
 .debug_macro   0x0000886a       0x26 src/initialize.o
 .debug_macro   0x00008890       0x3a src/initialize.o
 .debug_macro   0x000088ca       0x70 src/initialize.o
 .debug_macro   0x0000893a      0x24f src/NRF.o
 .debug_macro   0x00008b89       0x58 src/NRF.o
 .debug_macro   0x00008be1      0x27c src/nrf24l01_L.o
 .debug_macro   0x00008e5d       0x10 src/nrf24l01_L.o
 .debug_macro   0x00008e6d      0x167 src/nrf24l01_L.o
 .debug_macro   0x00008fd4      0x1cc src/nrf24l01_L.o
 .debug_macro   0x000091a0      0x2c5 src/NRF_transmission.o
 .debug_macro   0x00009465       0x76 src/NRF_transmission.o
 .debug_macro   0x000094db      0x1d8 src/NRF_transmission.o
 .debug_macro   0x000096b3       0x10 src/NRF_transmission.o
 .debug_macro   0x000096c3       0xeb src/NRF_transmission.o
 .debug_macro   0x000097ae      0x2b1 src/setting.o
 .debug_macro   0x00009a5f      0x286 src/variable.o
 .debug_macro   0x00009ce5       0x10 src/variable.o
 .debug_macro   0x00009cf5      0x1cc src/variable.o
 .debug_macro   0x00009ec1      0x2d1 src/main.o
OUTPUT(ferestande_hero2.elf elf32-avr)
LOAD linker stubs
