Archive member included because of file (symbol)

c:/program files/atmel/atmel toolchain/avr8 gcc/native/3.4.1061/avr8-gnu-toolchain/bin/../lib/gcc/avr/4.8.1/avrxmega4\libgcc.a(_udivmodsi4.o)
                              src/ASF/xmega/drivers/usart/usart.o (__udivmodsi4)
c:/program files/atmel/atmel toolchain/avr8 gcc/native/3.4.1061/avr8-gnu-toolchain/bin/../lib/gcc/avr/4.8.1/avrxmega4\libgcc.a(_exit.o)
                              c:/program files/atmel/atmel toolchain/avr8 gcc/native/3.4.1061/avr8-gnu-toolchain/bin/../lib/gcc/avr/4.8.1/../../../../avr/lib/avrxmega4/crtx64a3.o (exit)
c:/program files/atmel/atmel toolchain/avr8 gcc/native/3.4.1061/avr8-gnu-toolchain/bin/../lib/gcc/avr/4.8.1/avrxmega4\libgcc.a(_copy_data.o)
                              src/nrf24l01_L.o (__do_copy_data)
c:/program files/atmel/atmel toolchain/avr8 gcc/native/3.4.1061/avr8-gnu-toolchain/bin/../lib/gcc/avr/4.8.1/avrxmega4\libgcc.a(_clear_bss.o)
                              src/NRF_transmission.o (__do_clear_bss)
c:/program files/atmel/atmel toolchain/avr8 gcc/native/3.4.1061/avr8-gnu-toolchain/bin/../lib/gcc/avr/4.8.1/../../../../avr/lib/avrxmega4\libc.a(sprintf.o)
                              src/NRF_transmission.o (sprintf)
c:/program files/atmel/atmel toolchain/avr8 gcc/native/3.4.1061/avr8-gnu-toolchain/bin/../lib/gcc/avr/4.8.1/../../../../avr/lib/avrxmega4\libc.a(vfprintf_std.o)
                              c:/program files/atmel/atmel toolchain/avr8 gcc/native/3.4.1061/avr8-gnu-toolchain/bin/../lib/gcc/avr/4.8.1/../../../../avr/lib/avrxmega4\libc.a(sprintf.o) (vfprintf)
c:/program files/atmel/atmel toolchain/avr8 gcc/native/3.4.1061/avr8-gnu-toolchain/bin/../lib/gcc/avr/4.8.1/../../../../avr/lib/avrxmega4\libc.a(strnlen_P.o)
                              c:/program files/atmel/atmel toolchain/avr8 gcc/native/3.4.1061/avr8-gnu-toolchain/bin/../lib/gcc/avr/4.8.1/../../../../avr/lib/avrxmega4\libc.a(vfprintf_std.o) (strnlen_P)
c:/program files/atmel/atmel toolchain/avr8 gcc/native/3.4.1061/avr8-gnu-toolchain/bin/../lib/gcc/avr/4.8.1/../../../../avr/lib/avrxmega4\libc.a(strnlen.o)
                              c:/program files/atmel/atmel toolchain/avr8 gcc/native/3.4.1061/avr8-gnu-toolchain/bin/../lib/gcc/avr/4.8.1/../../../../avr/lib/avrxmega4\libc.a(vfprintf_std.o) (strnlen)
c:/program files/atmel/atmel toolchain/avr8 gcc/native/3.4.1061/avr8-gnu-toolchain/bin/../lib/gcc/avr/4.8.1/../../../../avr/lib/avrxmega4\libc.a(fputc.o)
                              c:/program files/atmel/atmel toolchain/avr8 gcc/native/3.4.1061/avr8-gnu-toolchain/bin/../lib/gcc/avr/4.8.1/../../../../avr/lib/avrxmega4\libc.a(vfprintf_std.o) (fputc)
c:/program files/atmel/atmel toolchain/avr8 gcc/native/3.4.1061/avr8-gnu-toolchain/bin/../lib/gcc/avr/4.8.1/../../../../avr/lib/avrxmega4\libc.a(ultoa_invert.o)
                              c:/program files/atmel/atmel toolchain/avr8 gcc/native/3.4.1061/avr8-gnu-toolchain/bin/../lib/gcc/avr/4.8.1/../../../../avr/lib/avrxmega4\libc.a(vfprintf_std.o) (__ultoa_invert)

Allocating common symbols
Common symbol       size              file

buf_receive         0xb               src/variable.o
flag                0x1               src/variable.o
conv                0x2               src/variable.o
Buf_Rx_L            0xb               src/variable.o
Buf_Print           0x12              src/variable.o
buffer              0x64              src/NRF_transmission.o
Nrf                 0x2               src/variable.o

Discarded input sections

 .data          0x00000000        0x0 c:/program files/atmel/atmel toolchain/avr8 gcc/native/3.4.1061/avr8-gnu-toolchain/bin/../lib/gcc/avr/4.8.1/../../../../avr/lib/avrxmega4/crtx64a3.o
 .bss           0x00000000        0x0 c:/program files/atmel/atmel toolchain/avr8 gcc/native/3.4.1061/avr8-gnu-toolchain/bin/../lib/gcc/avr/4.8.1/../../../../avr/lib/avrxmega4/crtx64a3.o
 .group         0x00000000        0x8 src/ASF/xmega/drivers/usart/usart.o
 .group         0x00000000        0x8 src/ASF/xmega/drivers/usart/usart.o
 .group         0x00000000        0x8 src/ASF/xmega/drivers/usart/usart.o
 .group         0x00000000        0x8 src/ASF/xmega/drivers/usart/usart.o
 .group         0x00000000        0x8 src/ASF/xmega/drivers/usart/usart.o
 .group         0x00000000        0x8 src/ASF/xmega/drivers/usart/usart.o
 .group         0x00000000        0x8 src/ASF/xmega/drivers/usart/usart.o
 .group         0x00000000        0x8 src/ASF/xmega/drivers/usart/usart.o
 .group         0x00000000        0x8 src/ASF/xmega/drivers/usart/usart.o
 .group         0x00000000        0x8 src/ASF/xmega/drivers/usart/usart.o
 .group         0x00000000        0x8 src/ASF/xmega/drivers/usart/usart.o
 .group         0x00000000        0x8 src/ASF/xmega/drivers/usart/usart.o
 .group         0x00000000        0x8 src/ASF/xmega/drivers/usart/usart.o
 .group         0x00000000        0x8 src/ASF/xmega/drivers/usart/usart.o
 .group         0x00000000        0x8 src/ASF/xmega/drivers/usart/usart.o
[...]
Memory Configuration

Name             Origin             Length             Attributes
text             0x00000000         0x00100000         xr
data             0x00802000         0x0000ffa0         rw !x
eeprom           0x00810000         0x00010000         rw !x
fuse             0x00820000         0x00000400         rw !x
lock             0x00830000         0x00000400         rw !x
signature        0x00840000         0x00000400         rw !x
user_signatures  0x00850000         0x00000400         rw !x
*default*        0x00000000         0xffffffff

Linker script and memory map

LOAD c:/program files/atmel/atmel toolchain/avr8 gcc/native/3.4.1061/avr8-gnu-toolchain/bin/../lib/gcc/avr/4.8.1/../../../../avr/lib/avrxmega4/crtx64a3.o
LOAD src/ASF/xmega/drivers/usart/usart.o
LOAD src/initialize.o
LOAD src/nrf24l01_L.o
LOAD src/nrf24l01_R.o
LOAD src/NRF_transmission.o
LOAD src/setting.o
LOAD src/variable.o
LOAD src/ASF/common/services/ioport/xmega/ioport_compat.o
LOAD src/ASF/common/services/clock/xmega/sysclk.o
LOAD src/ASF/xmega/drivers/spi/spi.o
LOAD src/ASF/xmega/drivers/cpu/ccp.o
LOAD src/ASF/common/boards/user_board/init.o
LOAD src/main.o
START GROUP
LOAD c:/program files/atmel/atmel toolchain/avr8 gcc/native/3.4.1061/avr8-gnu-toolchain/bin/../lib/gcc/avr/4.8.1/../../../../avr/lib/avrxmega4\libm.a
END GROUP
START GROUP
LOAD c:/program files/atmel/atmel toolchain/avr8 gcc/native/3.4.1061/avr8-gnu-toolchain/bin/../lib/gcc/avr/4.8.1/avrxmega4\libgcc.a
LOAD c:/program files/atmel/atmel toolchain/avr8 gcc/native/3.4.1061/avr8-gnu-toolchain/bin/../lib/gcc/avr/4.8.1/../../../../avr/lib/avrxmega4\libm.a
LOAD c:/program files/atmel/atmel toolchain/avr8 gcc/native/3.4.1061/avr8-gnu-toolchain/bin/../lib/gcc/avr/4.8.1/../../../../avr/lib/avrxmega4\libc.a
END GROUP

.hash
 *(.hash)

.dynsym
 *(.dynsym)

.dynstr
 *(.dynstr)

.gnu.version
 *(.gnu.version)

.gnu.version_d
 *(.gnu.version_d)

.gnu.version_r
 *(.gnu.version_r)

.rel.init
 *(.rel.init)

.rela.init
 *(.rela.init)

.rel.text
 *(.rel.text)
 *(.rel.text.*)
 *(.rel.gnu.linkonce.t*)

.rela.text
 *(.rela.text)
 *(.rela.text.*)
 *(.rela.gnu.linkonce.t*)

.rel.fini
 *(.rel.fini)

.rela.fini
 *(.rela.fini)

.rel.rodata
 *(.rel.rodata)
 *(.rel.rodata.*)
 *(.rel.gnu.linkonce.r*)

.rela.rodata
 *(.rela.rodata)
 *(.rela.rodata.*)
 *(.rela.gnu.linkonce.r*)

.rel.data
 *(.rel.data)
 *(.rel.data.*)
 *(.rel.gnu.linkonce.d*)

.rela.data
 *(.rela.data)
 *(.rela.data.*)
 *(.rela.gnu.linkonce.d*)

.rel.ctors
 *(.rel.ctors)

.rela.ctors
 *(.rela.ctors)

.rel.dtors
 *(.rel.dtors)

.rela.dtors
 *(.rela.dtors)

.rel.got
 *(.rel.got)

.rela.got
 *(.rela.got)

.rel.bss
 *(.rel.bss)

.rela.bss
 *(.rela.bss)

.rel.plt
 *(.rel.plt)

.rela.plt
 *(.rela.plt)

.text           0x00000000     0x113c
 *(.vectors)
 .vectors       0x00000000      0x1e8 c:/program files/atmel/atmel toolchain/avr8 gcc/native/3.4.1061/avr8-gnu-toolchain/bin/../lib/gcc/avr/4.8.1/../../../../avr/lib/avrxmega4/crtx64a3.o
                0x00000000                __vector_default
                0x00000000                __vectors
 *(.vectors)
 *(.progmem.gcc*)
                0x000001e8                . = ALIGN (0x2)
                0x000001e8                __trampolines_start = .
 *(.trampolines)
 .trampolines   0x000001e8        0x0 linker stubs
 *(.trampolines*)
                0x000001e8                __trampolines_end = .
 *(.progmem*)
                0x000001e8                . = ALIGN (0x2)
 *(.jumptables)
 *(.jumptables*)
 *(.lowtext)
 *(.lowtext*)
                0x000001e8                __ctors_start = .
 *(.ctors)
                0x000001e8                __ctors_end = .
                0x000001e8                __dtors_start = .
 *(.dtors)
                0x000001e8                __dtors_end = .
 SORT(*)(.ctors)
 SORT(*)(.dtors)
 *(.init0)
 .init0         0x000001e8        0x0 c:/program files/atmel/atmel toolchain/avr8 gcc/native/3.4.1061/avr8-gnu-toolchain/bin/../lib/gcc/avr/4.8.1/../../../../avr/lib/avrxmega4/crtx64a3.o
                0x000001e8                __init
 *(.init0)
 *(.init1)
 *(.init1)
 *(.init2)
 .init2         0x000001e8        0xc c:/program files/atmel/atmel toolchain/avr8 gcc/native/3.4.1061/avr8-gnu-toolchain/bin/../lib/gcc/avr/4.8.1/../../../../avr/lib/avrxmega4/crtx64a3.o
 *(.init2)
 *(.init3)
 *(.init3)
 *(.init4)
 .init4         0x000001f4       0x1a c:/program files/atmel/atmel toolchain/avr8 gcc/native/3.4.1061/avr8-gnu-toolchain/bin/../lib/gcc/avr/4.8.1/avrxmega4\libgcc.a(_copy_data.o)
                0x000001f4                __do_copy_data
 .init4         0x0000020e       0x10 c:/program files/atmel/atmel toolchain/avr8 gcc/native/3.4.1061/avr8-gnu-toolchain/bin/../lib/gcc/avr/4.8.1/avrxmega4\libgcc.a(_clear_bss.o)
                0x0000020e                __do_clear_bss
 *(.init4)
 *(.init5)
 *(.init5)
 *(.init6)
 *(.init6)
 *(.init7)
 *(.init7)
 *(.init8)
 *(.init8)
 *(.init9)
 .init9         0x0000021e        0x4 c:/program files/atmel/atmel toolchain/avr8 gcc/native/3.4.1061/avr8-gnu-toolchain/bin/../lib/gcc/avr/4.8.1/../../../../avr/lib/avrxmega4/crtx64a3.o
 *(.init9)
 *(.text)
 .text          0x00000222        0x2 c:/program files/atmel/atmel toolchain/avr8 gcc/native/3.4.1061/avr8-gnu-toolchain/bin/../lib/gcc/avr/4.8.1/../../../../avr/lib/avrxmega4/crtx64a3.o
                0x00000222                __vector_38
                0x00000222                __vector_104
                0x00000222                __vector_22
                0x00000222                __vector_63
                0x00000222                __vector_28
                0x00000222                __vector_67
                0x00000222                __vector_1
                0x00000222                __vector_119
                0x00000222                __vector_32
                0x00000222                __vector_75
                0x00000222                __vector_71
                0x00000222                __vector_91
                0x00000222                __vector_34
                0x00000222                __vector_62
                0x00000222                __vector_102
                0x00000222                __vector_24
                0x00000222                __vector_12
                0x00000222                __vector_55
                0x00000222                __vector_69
                0x00000222                __vector_81
                0x00000222                __vector_90
                0x00000222                __vector_46
                0x00000222                __bad_interrupt
                0x00000222                __vector_72
                0x00000222                __vector_114
                0x00000222                __vector_6
                0x00000222                __vector_110
                0x00000222                __vector_31
                0x00000222                __vector_92
                0x00000222                __vector_35
                0x00000222                __vector_78
                0x00000222                __vector_74
                0x00000222                __vector_117
                0x00000222                __vector_39
                0x00000222                __vector_107
                0x00000222                __vector_3
                0x00000222                __vector_105
                0x00000222                __vector_98
                0x00000222                __vector_23
                0x00000222                __vector_68
                0x00000222                __vector_30
                0x00000222                __vector_73
                0x00000222                __vector_45
                0x00000222                __vector_93
                0x00000222                __vector_61
                0x00000222                __vector_11
                0x00000222                __vector_54
                0x00000222                __vector_99
                0x00000222                __vector_13
                0x00000222                __vector_17
                0x00000222                __vector_19
                0x00000222                __vector_56
                0x00000222                __vector_7
                0x00000222                __vector_49
                0x00000222                __vector_41
                0x00000222                __vector_86
                0x00000222                __vector_100
                0x00000222                __vector_101
                0x00000222                __vector_64
                0x00000222                __vector_88
                0x00000222                __vector_109
                0x00000222                __vector_27
                0x00000222                __vector_5
                0x00000222                __vector_113
                0x00000222                __vector_33
                0x00000222                __vector_76
                0x00000222                __vector_115
                0x00000222                __vector_47
                0x00000222                __vector_52
                0x00000222                __vector_37
                0x00000222                __vector_95
                0x00000222                __vector_103
                0x00000222                __vector_96
                0x00000222                __vector_89
                0x00000222                __vector_108
                0x00000222                __vector_4
                0x00000222                __vector_44
                0x00000222                __vector_82
                0x00000222                __vector_106
                0x00000222                __vector_118
                0x00000222                __vector_51
                0x00000222                __vector_9
                0x00000222                __vector_21
                0x00000222                __vector_15
                0x00000222                __vector_66
                0x00000222                __vector_36
                0x00000222                __vector_79
                0x00000222                __vector_58
                0x00000222                __vector_70
                0x00000222                __vector_83
                0x00000222                __vector_29
                0x00000222                __vector_60
                0x00000222                __vector_121
                0x00000222                __vector_40
                0x00000222                __vector_85
                0x00000222                __vector_94
                0x00000222                __vector_8
                0x00000222                __vector_48
                0x00000222                __vector_116
                0x00000222                __vector_112
                0x00000222                __vector_111
                0x00000222                __vector_80
                0x00000222                __vector_14
                0x00000222                __vector_84
                0x00000222                __vector_57
                0x00000222                __vector_53
                0x00000222                __vector_10
                0x00000222                __vector_50
                0x00000222                __vector_16
                0x00000222                __vector_59
                0x00000222                __vector_18
                0x00000222                __vector_97
                0x00000222                __vector_20
                0x00000222                __vector_42
                0x00000222                __vector_87
                0x00000222                __vector_65
                0x00000222                __vector_120
                0x00000224                . = ALIGN (0x2)
 *(.text.*)
 .text.usart_putchar
                0x00000224       0x10 src/ASF/xmega/drivers/usart/usart.o
                0x00000224                usart_putchar
 .text.usart_set_baudrate
                0x00000234      0x20c src/ASF/xmega/drivers/usart/usart.o
                0x00000234                usart_set_baudrate
 .text.En_RC32M
                0x00000440       0x2a src/initialize.o
                0x00000440                En_RC32M
 .text.PORT_init
                0x0000046a       0x86 src/initialize.o
                0x0000046a                PORT_init
 .text.USART_R_init
                0x000004f0       0x4a src/initialize.o
                0x000004f0                USART_R_init
 .text.SPI_L    0x0000053a       0x14 src/nrf24l01_L.o
                0x0000053a                SPI_L
 .text.NRF24L01_L_ReadReg
                0x0000054e       0x1e src/nrf24l01_L.o
                0x0000054e                NRF24L01_L_ReadReg
 .text.NRF24L01_L_WriteReg
                0x0000056c       0x2c src/nrf24l01_L.o
                0x0000056c                NRF24L01_L_WriteReg
 .text.NRF24L01_L_Set_CH
                0x00000598        0xa src/nrf24l01_L.o
                0x00000598                NRF24L01_L_Set_CH
 .text.NRF24L01_L_Set_ShockBurst
                0x000005a2       0x14 src/nrf24l01_L.o
                0x000005a2                NRF24L01_L_Set_ShockBurst
 .text.NRF24L01_L_Set_Address_Width
                0x000005b6        0x8 src/nrf24l01_L.o
                0x000005b6                NRF24L01_L_Set_Address_Width
 .text.NRF24L01_L_Clear_Interrupts
                0x000005be        0x8 src/nrf24l01_L.o
                0x000005be                NRF24L01_L_Clear_Interrupts
 .text.NRF24L01_L_ReadRegBuf
                0x000005c6       0x50 src/nrf24l01_L.o
                0x000005c6                NRF24L01_L_ReadRegBuf
 .text.NRF24L01_L_Read_RX_Buf
                0x00000616        0xa src/nrf24l01_L.o
                0x00000616                NRF24L01_L_Read_RX_Buf
 .text.NRF24L01_L_WriteRegBuf
                0x00000620       0x4e src/nrf24l01_L.o
                0x00000620                NRF24L01_L_WriteRegBuf
 .text.NRF24L01_L_Set_RX_Pipe
                0x0000066e       0x6a src/nrf24l01_L.o
                0x0000066e                NRF24L01_L_Set_RX_Pipe
 .text.NRF24L01_L_Set_TX_Address
                0x000006d8        0xa src/nrf24l01_L.o
                0x000006d8                NRF24L01_L_Set_TX_Address
 .text.NRF24L01_L_Init
                0x000006e2       0x6a src/nrf24l01_L.o
                0x000006e2                NRF24L01_L_Init
 .text.NRF24L01_L_Flush_TX
                0x0000074c       0x1c src/nrf24l01_L.o
                0x0000074c                NRF24L01_L_Flush_TX
 .text.NRF24L01_L_Flush_RX
                0x00000768       0x1c src/nrf24l01_L.o
                0x00000768                NRF24L01_L_Flush_RX
 .text.UART_SEND
                0x00000784       0x30 src/NRF_transmission.o
                0x00000784                UART_SEND
 .text.NRF_init
                0x000007b4       0x76 src/NRF_transmission.o
                0x000007b4                NRF_init
 .text.NRF_receive
                0x0000082a       0x4a src/NRF_transmission.o
                0x0000082a                NRF_receive
 .text.NRF_decode
                0x00000874      0x142 src/NRF_transmission.o
                0x00000874                NRF_decode
 .text.set_micro
                0x000009b6       0x42 src/setting.o
                0x000009b6                set_micro
 .text.spi_xmega_set_baud_div
                0x000009f8       0x8e src/ASF/xmega/drivers/spi/spi.o
                0x000009f8                spi_xmega_set_baud_div
 .text.main     0x00000a86       0x56 src/main.o
                0x00000a86                main
 .text.__vector_77
                0x00000adc       0x14 src/main.o
                0x00000adc                __vector_77
 .text.__vector_43
                0x00000af0       0x5c src/main.o
                0x00000af0                __vector_43
 .text.__vector_2
                0x00000b4c       0x14 src/main.o
                0x00000b4c                __vector_2
 .text.__vector_25
                0x00000b60       0x14 src/main.o
                0x00000b60                __vector_25
 .text.__vector_26
                0x00000b74       0x14 src/main.o
                0x00000b74                __vector_26
 .text.libgcc.div
                0x00000b88       0x44 c:/program files/atmel/atmel toolchain/avr8 gcc/native/3.4.1061/avr8-gnu-toolchain/bin/../lib/gcc/avr/4.8.1/avrxmega4\libgcc.a(_udivmodsi4.o)
                0x00000b88                __udivmodsi4
 .text.avr-libc
                0x00000bcc       0x50 c:/program files/atmel/atmel toolchain/avr8 gcc/native/3.4.1061/avr8-gnu-toolchain/bin/../lib/gcc/avr/4.8.1/../../../../avr/lib/avrxmega4\libc.a(sprintf.o)
                0x00000bcc                sprintf
 .text.avr-libc
                0x00000c1c      0x3d0 c:/program files/atmel/atmel toolchain/avr8 gcc/native/3.4.1061/avr8-gnu-toolchain/bin/../lib/gcc/avr/4.8.1/../../../../avr/lib/avrxmega4\libc.a(vfprintf_std.o)
                0x00000c1c                vfprintf
 .text.avr-libc
                0x00000fec       0x16 c:/program files/atmel/atmel toolchain/avr8 gcc/native/3.4.1061/avr8-gnu-toolchain/bin/../lib/gcc/avr/4.8.1/../../../../avr/lib/avrxmega4\libc.a(strnlen_P.o)
                0x00000fec                strnlen_P
 .text.avr-libc
                0x00001002       0x16 c:/program files/atmel/atmel toolchain/avr8 gcc/native/3.4.1061/avr8-gnu-toolchain/bin/../lib/gcc/avr/4.8.1/../../../../avr/lib/avrxmega4\libc.a(strnlen.o)
                0x00001002                strnlen
 .text.avr-libc
                0x00001018       0x64 c:/program files/atmel/atmel toolchain/avr8 gcc/native/3.4.1061/avr8-gnu-toolchain/bin/../lib/gcc/avr/4.8.1/../../../../avr/lib/avrxmega4\libc.a(fputc.o)
                0x00001018                fputc
 .text.avr-libc
                0x0000107c       0xbc c:/program files/atmel/atmel toolchain/avr8 gcc/native/3.4.1061/avr8-gnu-toolchain/bin/../lib/gcc/avr/4.8.1/../../../../avr/lib/avrxmega4\libc.a(ultoa_invert.o)
                0x0000107c                __ultoa_invert
                0x00001138                . = ALIGN (0x2)
 *(.fini9)
 .fini9         0x00001138        0x0 c:/program files/atmel/atmel toolchain/avr8 gcc/native/3.4.1061/avr8-gnu-toolchain/bin/../lib/gcc/avr/4.8.1/avrxmega4\libgcc.a(_exit.o)
                0x00001138                _exit
                0x00001138                exit
 *(.fini9)
 *(.fini8)
 *(.fini8)
 *(.fini7)
 *(.fini7)
 *(.fini6)
 *(.fini6)
 *(.fini5)
 *(.fini5)
 *(.fini4)
 *(.fini4)
 *(.fini3)
 *(.fini3)
 *(.fini2)
 *(.fini2)
 *(.fini1)
 *(.fini1)
 *(.fini0)
 .fini0         0x00001138        0x4 c:/program files/atmel/atmel toolchain/avr8 gcc/native/3.4.1061/avr8-gnu-toolchain/bin/../lib/gcc/avr/4.8.1/avrxmega4\libgcc.a(_exit.o)
 *(.fini0)
                0x0000113c                _etext = .

.data           0x00802000       0x2a load address 0x0000113c
                0x00802000                PROVIDE (__data_start, .)
 *(.data)
 *(.data*)
 .data.copy_flag
                0x00802000        0x1 src/variable.o
                0x00802000                copy_flag
 .data.Address  0x00802001        0x5 src/variable.o
                0x00802001                Address
 *(.rodata)
 *(.rodata*)
 .rodata.str1.1
                0x00802006       0x24 src/NRF_transmission.o
 *(.gnu.linkonce.d*)
                0x0080202a                . = ALIGN (0x2)
                0x0080202a                _edata = .
                0x0080202a                PROVIDE (__data_end, .)

.bss            0x0080202a       0x92
                0x0080202a                PROVIDE (__bss_start, .)
 *(.bss)
 *(.bss*)
 .bss.decode_flag
                0x0080202a        0x1 src/variable.o
                0x0080202a                decode_flag
 *(COMMON)
 COMMON         0x0080202b       0x64 src/NRF_transmission.o
                0x0080202b                buffer
 COMMON         0x0080208f       0x2d src/variable.o
                0x0080208f                buf_receive
                0x0080209a                flag
                0x0080209b                conv
                0x0080209d                Buf_Rx_L
                0x008020a8                Buf_Print
                0x008020ba                Nrf
                0x008020bc                PROVIDE (__bss_end, .)
                0x0000113c                __data_load_start = LOADADDR (.data)
                0x00001166                __data_load_end = (__data_load_start + SIZEOF (.data))

.noinit         0x008020bc        0x0
                0x008020bc                PROVIDE (__noinit_start, .)
 *(.noinit*)
                0x008020bc                PROVIDE (__noinit_end, .)
                0x008020bc                _end = .
                0x008020bc                PROVIDE (__heap_start, .)

.eeprom         0x00810000        0x0
 *(.eeprom*)
                0x00810000                __eeprom_end = .

.fuse
 *(.fuse)
 *(.lfuse)
 *(.hfuse)
 *(.efuse)

.lock
 *(.lock*)

.signature
 *(.signature*)

.user_signatures
 *(.user_signatures*)

.stab
 *(.stab)

.stabstr
 *(.stabstr)

.stab.excl
 *(.stab.excl)

.stab.exclstr
 *(.stab.exclstr)

.stab.index
 *(.stab.index)

.stab.indexstr
 *(.stab.indexstr)

.comment        0x00000000       0x5c
 *(.comment)
 .comment       0x00000000       0x30 src/ASF/xmega/drivers/usart/usart.o
                                 0x31 (size before relaxing)
 .comment       0x00000000       0x31 src/initialize.o
 .comment       0x00000000       0x31 src/nrf24l01_L.o
 .comment       0x00000000       0x31 src/NRF_transmission.o
 .comment       0x00000000       0x31 src/setting.o
 .comment       0x00000000       0x31 src/variable.o
 .comment       0x00000000       0x31 src/ASF/xmega/drivers/spi/spi.o
 .comment       0x00000000       0x31 src/main.o
 .comment       0x00000000       0x31 c:/program files/atmel/atmel toolchain/avr8 gcc/native/3.4.1061/avr8-gnu-toolchain/bin/../lib/gcc/avr/4.8.1/../../../../avr/lib/avrxmega4\libc.a(sprintf.o)
 .comment       0x00000030       0x2c c:/program files/atmel/atmel toolchain/avr8 gcc/native/3.4.1061/avr8-gnu-toolchain/bin/../lib/gcc/avr/4.8.1/../../../../avr/lib/avrxmega4\libc.a(vfprintf_std.o)
                                 0x2d (size before relaxing)
 .comment       0x00000000       0x31 c:/program files/atmel/atmel toolchain/avr8 gcc/native/3.4.1061/avr8-gnu-toolchain/bin/../lib/gcc/avr/4.8.1/../../../../avr/lib/avrxmega4\libc.a(fputc.o)

.note.gnu.build-id
 *(.note.gnu.build-id)

.debug
 *(.debug)

.line
 *(.line)

.debug_srcinfo
 *(.debug_srcinfo)

.debug_sfnames
 *(.debug_sfnames)

.debug_aranges  0x00000000      0x258
 *(.debug_aranges)
 .debug_aranges
                0x00000000       0x58 src/ASF/xmega/drivers/usart/usart.o
 .debug_aranges
                0x00000058       0x48 src/initialize.o
 .debug_aranges
                0x000000a0       0xe0 src/nrf24l01_L.o
 .debug_aranges
                0x00000180       0x38 src/NRF_transmission.o
 .debug_aranges
                0x000001b8       0x20 src/setting.o
 .debug_aranges
                0x000001d8       0x18 src/variable.o
 .debug_aranges
                0x000001f0       0x20 src/ASF/xmega/drivers/spi/spi.o
 .debug_aranges
                0x00000210       0x48 src/main.o

.debug_pubnames
 *(.debug_pubnames)

.debug_info     0x00000000     0x585e
 *(.debug_info .gnu.linkonce.wi.*)
 .debug_info    0x00000000     0x2f76 src/ASF/xmega/drivers/usart/usart.o
 .debug_info    0x00002f76      0x847 src/initialize.o
 .debug_info    0x000037bd     0x1021 src/nrf24l01_L.o
 .debug_info    0x000047de      0x7da src/NRF_transmission.o
 .debug_info    0x00004fb8      0x266 src/setting.o
 .debug_info    0x0000521e      0x203 src/variable.o
 .debug_info    0x00005421      0x1b9 src/ASF/xmega/drivers/spi/spi.o
 .debug_info    0x000055da      0x284 src/main.o

.debug_abbrev   0x00000000      0xf7a
 *(.debug_abbrev)
 .debug_abbrev  0x00000000      0x3e8 src/ASF/xmega/drivers/usart/usart.o
 .debug_abbrev  0x000003e8      0x1bc src/initialize.o
 .debug_abbrev  0x000005a4      0x2c3 src/nrf24l01_L.o
 .debug_abbrev  0x00000867      0x2c3 src/NRF_transmission.o
 .debug_abbrev  0x00000b2a      0x13c src/setting.o
 .debug_abbrev  0x00000c66       0xc5 src/variable.o
 .debug_abbrev  0x00000d2b       0xf6 src/ASF/xmega/drivers/spi/spi.o
 .debug_abbrev  0x00000e21      0x159 src/main.o

.debug_line     0x00000000     0x408a
 *(.debug_line .debug_line.* .debug_line_end)
 .debug_line    0x00000000      0xc6d src/ASF/xmega/drivers/usart/usart.o
 .debug_line    0x00000c6d      0x75d src/initialize.o
 .debug_line    0x000013ca      0xac2 src/nrf24l01_L.o
 .debug_line    0x00001e8c      0x85a src/NRF_transmission.o
 .debug_line    0x000026e6      0x6f1 src/setting.o
 .debug_line    0x00002dd7      0x699 src/variable.o
 .debug_line    0x00003470      0x474 src/ASF/xmega/drivers/spi/spi.o
 .debug_line    0x000038e4      0x7a6 src/main.o

.debug_frame    0x00000000      0x764
 *(.debug_frame)
 .debug_frame   0x00000000      0x140 src/ASF/xmega/drivers/usart/usart.o
 .debug_frame   0x00000140       0xe0 src/initialize.o
 .debug_frame   0x00000220      0x2d8 src/nrf24l01_L.o
 .debug_frame   0x000004f8      0x104 src/NRF_transmission.o
 .debug_frame   0x000005fc       0x30 src/setting.o
 .debug_frame   0x0000062c       0x4c src/ASF/xmega/drivers/spi/spi.o
 .debug_frame   0x00000678       0xec src/main.o

.debug_str      0x00000000    0x26379
 *(.debug_str)
 .debug_str     0x00000000    0x23970 src/ASF/xmega/drivers/usart/usart.o
                              0x2421a (size before relaxing)
 .debug_str     0x00023970     0x142c src/initialize.o
                              0x24800 (size before relaxing)
 .debug_str     0x00024d9c      0xba1 src/nrf24l01_L.o
                              0x24f2b (size before relaxing)
 .debug_str     0x0002593d      0x8c1 src/NRF_transmission.o
                              0x25703 (size before relaxing)
 .debug_str     0x000261fe       0x54 src/setting.o
                              0x25367 (size before relaxing)
 .debug_str     0x00026252       0x28 src/variable.o
                              0x25327 (size before relaxing)
 .debug_str     0x0002627a       0xb1 src/ASF/xmega/drivers/spi/spi.o
                              0x220af (size before relaxing)
 .debug_str     0x0002632b       0x4e src/main.o
                              0x253a9 (size before relaxing)

.debug_loc      0x00000000     0x2465
 *(.debug_loc)
 .debug_loc     0x00000000      0xfd3 src/ASF/xmega/drivers/usart/usart.o
 .debug_loc     0x00000fd3      0x25f src/initialize.o
 .debug_loc     0x00001232      0xc2d src/nrf24l01_L.o
 .debug_loc     0x00001e5f      0x34b src/NRF_transmission.o
 .debug_loc     0x000021aa       0x2f src/setting.o
 .debug_loc     0x000021d9      0x105 src/ASF/xmega/drivers/spi/spi.o
 .debug_loc     0x000022de      0x187 src/main.o

.debug_macinfo
 *(.debug_macinfo)

.debug_weaknames
 *(.debug_weaknames)

.debug_funcnames
 *(.debug_funcnames)

.debug_typenames
 *(.debug_typenames)

.debug_varnames
 *(.debug_varnames)

.debug_pubtypes
 *(.debug_pubtypes)

.debug_ranges   0x00000000      0x208
 *(.debug_ranges)
 .debug_ranges  0x00000000       0x80 src/ASF/xmega/drivers/usart/usart.o
 .debug_ranges  0x00000080       0x38 src/initialize.o
 .debug_ranges  0x000000b8       0xd0 src/nrf24l01_L.o
 .debug_ranges  0x00000188       0x28 src/NRF_transmission.o
 .debug_ranges  0x000001b0       0x10 src/setting.o
 .debug_ranges  0x000001c0       0x10 src/ASF/xmega/drivers/spi/spi.o
 .debug_ranges  0x000001d0       0x38 src/main.o

.debug_macro    0x00000000     0x9c45
 *(.debug_macro)
 .debug_macro   0x00000000      0x219 src/ASF/xmega/drivers/usart/usart.o
 .debug_macro   0x00000219      0xa4e src/ASF/xmega/drivers/usart/usart.o
 .debug_macro   0x00000c67      0x1ad src/ASF/xmega/drivers/usart/usart.o
 .debug_macro   0x00000e14       0x10 src/ASF/xmega/drivers/usart/usart.o
 .debug_macro   0x00000e24      0x299 src/ASF/xmega/drivers/usart/usart.o
 .debug_macro   0x000010bd       0x9e src/ASF/xmega/drivers/usart/usart.o
 .debug_macro   0x0000115b     0x4c9f src/ASF/xmega/drivers/usart/usart.o
 .debug_macro   0x00005dfa       0x9a src/ASF/xmega/drivers/usart/usart.o
 .debug_macro   0x00005e94       0xf1 src/ASF/xmega/drivers/usart/usart.o
 .debug_macro   0x00005f85       0x34 src/ASF/xmega/drivers/usart/usart.o
 .debug_macro   0x00005fb9       0x10 src/ASF/xmega/drivers/usart/usart.o
 .debug_macro   0x00005fc9       0x18 src/ASF/xmega/drivers/usart/usart.o
 .debug_macro   0x00005fe1       0x5e src/ASF/xmega/drivers/usart/usart.o
 .debug_macro   0x0000603f       0x10 src/ASF/xmega/drivers/usart/usart.o
 .debug_macro   0x0000604f       0x22 src/ASF/xmega/drivers/usart/usart.o
 .debug_macro   0x00006071      0x166 src/ASF/xmega/drivers/usart/usart.o
 .debug_macro   0x000061d7       0x1c src/ASF/xmega/drivers/usart/usart.o
 .debug_macro   0x000061f3       0x35 src/ASF/xmega/drivers/usart/usart.o
 .debug_macro   0x00006228       0x66 src/ASF/xmega/drivers/usart/usart.o
 .debug_macro   0x0000628e      0x4b5 src/ASF/xmega/drivers/usart/usart.o
 .debug_macro   0x00006743       0x97 src/ASF/xmega/drivers/usart/usart.o
 .debug_macro   0x000067da       0x17 src/ASF/xmega/drivers/usart/usart.o
 .debug_macro   0x000067f1      0x250 src/ASF/xmega/drivers/usart/usart.o
 .debug_macro   0x00006a41       0x76 src/ASF/xmega/drivers/usart/usart.o
 .debug_macro   0x00006ab7       0x16 src/ASF/xmega/drivers/usart/usart.o
 .debug_macro   0x00006acd      0x6e0 src/ASF/xmega/drivers/usart/usart.o
 .debug_macro   0x000071ad       0x10 src/ASF/xmega/drivers/usart/usart.o
 .debug_macro   0x000071bd      0x175 src/ASF/xmega/drivers/usart/usart.o
 .debug_macro   0x00007332       0x40 src/ASF/xmega/drivers/usart/usart.o
 .debug_macro   0x00007372       0x69 src/ASF/xmega/drivers/usart/usart.o
 .debug_macro   0x000073db       0x32 src/ASF/xmega/drivers/usart/usart.o
 .debug_macro   0x0000740d       0xe4 src/ASF/xmega/drivers/usart/usart.o
 .debug_macro   0x000074f1       0x34 src/ASF/xmega/drivers/usart/usart.o
 .debug_macro   0x00007525       0x1c src/ASF/xmega/drivers/usart/usart.o
 .debug_macro   0x00007541      0x237 src/ASF/xmega/drivers/usart/usart.o
 .debug_macro   0x00007778       0x66 src/ASF/xmega/drivers/usart/usart.o
 .debug_macro   0x000077de       0x2f src/ASF/xmega/drivers/usart/usart.o
 .debug_macro   0x0000780d      0x13f src/ASF/xmega/drivers/usart/usart.o
 .debug_macro   0x0000794c       0x82 src/ASF/xmega/drivers/usart/usart.o
 .debug_macro   0x000079ce      0x24e src/initialize.o
 .debug_macro   0x00007c1c      0x293 src/initialize.o
 .debug_macro   0x00007eaf       0x34 src/initialize.o
 .debug_macro   0x00007ee3       0x3a src/initialize.o
 .debug_macro   0x00007f1d      0x2d0 src/initialize.o
 .debug_macro   0x000081ed      0x27d src/nrf24l01_L.o
 .debug_macro   0x0000846a      0x167 src/nrf24l01_L.o
 .debug_macro   0x000085d1       0x10 src/nrf24l01_L.o
 .debug_macro   0x000085e1      0x1b9 src/nrf24l01_L.o
 .debug_macro   0x0000879a      0x2e7 src/NRF_transmission.o
 .debug_macro   0x00008a81       0x58 src/NRF_transmission.o
 .debug_macro   0x00008ad9       0x10 src/NRF_transmission.o
 .debug_macro   0x00008ae9       0xeb src/NRF_transmission.o
 .debug_macro   0x00008bd4       0x16 src/NRF_transmission.o
 .debug_macro   0x00008bea      0x2d6 src/NRF_transmission.o
 .debug_macro   0x00008ec0       0x16 src/NRF_transmission.o
 .debug_macro   0x00008ed6      0x1b9 src/NRF_transmission.o
 .debug_macro   0x0000908f      0x19f src/NRF_transmission.o
 .debug_macro   0x0000922e       0x10 src/NRF_transmission.o
 .debug_macro   0x0000923e      0x2d1 src/setting.o
 .debug_macro   0x0000950f      0x2c7 src/variable.o
 .debug_macro   0x000097d6      0x194 src/ASF/xmega/drivers/spi/spi.o
 .debug_macro   0x0000996a      0x2db src/main.o
OUTPUT(girande_64.elf elf32-avr)
LOAD linker stubs
